// Jest Snapshot v1, https://goo.gl/fbAQLP

exports[`Unit test of layout content component Full render test 1`] = `
<div
  className="layoutContent"
>
  <Connect(Component)
    placeholder="Add new task"
    url="categories-0"
  />
  <Connect(Component)
    searchKey=""
    showDone={true}
  />
  <Connect(Component)
    isDisplayed={true}
    match={
      Object {
        "url": "categories-0",
      }
    }
    searchKey=""
    showDone={true}
  />
</div>
`;
