// Jest Snapshot v1, https://goo.gl/fbAQLP

exports[`Unit test of Category component Full render test 1`] = `
<div>
  <span>
    <Link
      to="/category-0"
    >
      My category
    </Link>
  </span>
  <Icon
    className="itemButton"
    onClick={[Function]}
    type="edit"
  />
  <Icon
    className="itemButton"
    onClick={[Function]}
    type="plus"
  />
  <Icon
    className="itemButton"
    onClick={[Function]}
    type="delete"
  />
  <Connect(Component)
    formId="addNewSubCategory-My category"
    onCancel={[Function]}
    onOk={[Function]}
    operationTitle="Add new subcategory"
    path="category-0"
    visible={false}
  />
  <Connect(Component)
    formId="editCategory-My category"
    onCancel={[Function]}
    onOk={[Function]}
    operationTitle="Edit category"
    path="category-0"
    title="My category"
    visible={false}
  />
  <Connect(Component)
    onCancel={[Function]}
    onOk={[Function]}
    operationTitle="Delete category"
    path="category-0"
    title="My category"
    visible={false}
  />
</div>
`;
