// Jest Snapshot v1, https://goo.gl/fbAQLP

exports[`Unit test of card title component Full render test 1`] = `
<div>
  <Checkbox
    checked={true}
    indeterminate={false}
    onChange={[Function]}
  />
  <span
    className="label red"
    onClick={[Function]}
  >
    graph
  </span>
  <Icon
    className="itemButton"
    onClick={[Function]}
    type="edit"
  />
  <LoadableComponent
    description="draw"
    handleCancel={[Function]}
    handleOk={[Function]}
    isFinished={true}
    key="0"
    location={Object {}}
    oldPath="categories-0-tasks-0-tasks-0"
    taskTitle="graph"
    visible={false}
  />
  <Button
    block={false}
    className="button"
    ghost={false}
    htmlType="button"
    loading={false}
    onClick={[Function]}
    type="primary"
  >
    Note place
  </Button>
</div>
`;

exports[`Unit test of card title component Full render test 2`] = `
<MyLoadingComponent
  error={null}
  isLoading={true}
  pastDelay={false}
  retry={[Function]}
  timedOut={false}
/>
`;

exports[`Unit test of card title component Full render test 3`] = `
<div>
  Loading...
</div>
`;
