// Jest Snapshot v1, https://goo.gl/fbAQLP

exports[`Unit test of edit task modal Full render test of edit task modal 1`] = `
<Modal
  cancelButtonDisabled={false}
  confirmLoading={false}
  maskTransitionName="fade"
  okButtonDisabled={false}
  okText="Save changes"
  okType="primary"
  onCancel={[Function]}
  onOk={[Function]}
  title="Edit task"
  transitionName="zoom"
  visible={true}
  width="900px"
>
  <Form
    hideRequiredMark={false}
    layout="horizontal"
    onSubmit={[Function]}
  >
    <Row
      gutter={0}
    >
      <Col
        span={12}
      >
        <Connect(Component)
          onSelectCategory={[Function]}
        />
      </Col>
      <Col
        span={12}
      >
        <Row
          gutter={0}
        >
          <Input
            defaultValue="Buy a new stearing wheal"
            disabled={false}
            onChange={[Function]}
            placeholder="Input task title"
            required={true}
            type="text"
          />
        </Row>
        <Row
          gutter={0}
        >
          <Checkbox
            defaultChecked={true}
            indeterminate={false}
            onChange={[Function]}
          >
            Done
          </Checkbox>
        </Row>
        <Row
          gutter={0}
        >
          <TextArea
            defaultValue="This task is very important"
            onChange={[Function]}
            placeholder="Input type description"
            rows={4}
          />
        </Row>
      </Col>
    </Row>
  </Form>
</Modal>
`;
