// Jest Snapshot v1, https://goo.gl/fbAQLP

exports[`Unit test of filters full render test 1`] = `
<div
  className="filters"
>
  <Checkbox
    defaultChecked={true}
    indeterminate={false}
    onChange={[Function]}
  >
    Show done
  </Checkbox>
  <Input
    defaultValue=""
    disabled={false}
    onChange={[Function]}
    placeholder="search"
    style={
      Object {
        "width": 200,
      }
    }
    type="text"
  />
</div>
`;
