// Jest Snapshot v1, https://goo.gl/fbAQLP

exports[`Unit tests for tree of categories full render test 1`] = `
<ContextProvider
  value={null}
>
  <Memo(TreeOfCategories)
    categories={
      Array [
        Object {
          "key": "categories-0",
          "subCategories": Array [
            Object {
              "key": "categories-0-subCategories-0",
              "subCategories": Array [],
              "tasks": Immutable.List [
                Immutable.Map {
                  "title": "integral",
                  "Description": "find",
                  "isFinished": false,
                },
                Immutable.Map {
                  "title": "different",
                  "Description": "find",
                  "isFinished": false,
                },
              ],
              "title": "highMathematic",
            },
            Object {
              "key": "categories-0-subCategories-1",
              "subCategories": Array [],
              "tasks": Immutable.List [
                Immutable.Map {
                  "title": "table",
                  "Description": "constit",
                  "isFinished": true,
                },
                Immutable.Map {
                  "title": "multi",
                  "Description": "count",
                  "isFinished": false,
                },
              ],
              "title": "lowMathematic",
            },
          ],
          "tasks": Immutable.List [
            Immutable.Map {
              "title": "graph",
              "Description": "draw",
              "isFinished": true,
            },
            Immutable.Map {
              "title": "counting",
              "Description": "count",
              "isFinished": true,
            },
          ],
          "title": "Mathematic",
        },
        Object {
          "key": "categories-1",
          "subCategories": Array [
            Object {
              "key": "categories-1-subCategories-0",
              "subCategories": Array [
                Object {
                  "key": "categories-1-subCategories-0-subCategories-0",
                  "subCategories": Array [],
                  "tasks": Immutable.List [
                    Immutable.Map {
                      "title": "peoples",
                      "Description": "study",
                      "isFinished": true,
                    },
                    Immutable.Map {
                      "title": "capitals",
                      "Description": "study",
                      "isFinished": false,
                    },
                  ],
                  "title": "smallHighGeography",
                },
              ],
              "tasks": Immutable.List [
                Immutable.Map {
                  "title": "polit",
                  "Description": "study",
                  "isFinished": false,
                },
                Immutable.Map {
                  "title": "mountain",
                  "Description": "study",
                  "isFinished": false,
                },
              ],
              "title": "highGeography",
            },
          ],
          "tasks": Immutable.List [
            Immutable.Map {
              "title": "map",
              "Description": "study",
              "isFinished": false,
            },
            Immutable.Map {
              "title": "drawing",
              "Description": "draw",
              "isFinished": false,
            },
          ],
          "title": "Geography",
        },
      ]
    }
    dispatch={[Function]}
    store={
      Object {
        "clearActions": [Function],
        "dispatch": [Function],
        "getActions": [Function],
        "getState": [Function],
        "replaceReducer": [Function],
        "subscribe": [Function],
      }
    }
  />
</ContextProvider>
`;
