// Jest Snapshot v1, https://goo.gl/fbAQLP

exports[`Unit tests of add changing data dialog full render test 1`] = `
<Modal
  confirmLoading={false}
  maskTransitionName="fade"
  okType="primary"
  onCancel={[Function]}
  onOk={[Function]}
  title="Add new subcategory"
  transitionName="zoom"
  visible={true}
  width={520}
>
  <Input
    className="modalInput"
    onChange={[Function]}
    placeholder="input category title"
    type="text"
    value=""
  />
</Modal>
`;
